// Jest Snapshot v1, https://goo.gl/fbAQLP

exports[`EpisodePanelSkeleton Component matches the snapshot 1`] = `
<DocumentFragment>
  <div
    class="w-full overflow-x-auto whitespace-nowrap px-1"
  >
    <div
      class="inline-block w-1/3 p-1"
    >
      <div
        class="animate-pulse bg-gray-700 w-full h-0 relative bg-gray-600 rounded-sm"
        style="padding-top: 140.47619047619045%;"
      />
      <div
        class="animate-pulse bg-gray-700 h-18 bg-gray-800"
      />
    </div>
    <div
      class="inline-block w-1/3 p-1"
    >
      <div
        class="animate-pulse bg-gray-700 w-full h-0 relative bg-gray-600 rounded-sm"
        style="padding-top: 140.47619047619045%;"
      />
      <div
        class="animate-pulse bg-gray-700 h-18 bg-gray-800"
      />
    </div>
    <div
      class="inline-block w-1/3 p-1"
    >
      <div
        class="animate-pulse bg-gray-700 w-full h-0 relative bg-gray-600 rounded-sm"
        style="padding-top: 140.47619047619045%;"
      />
      <div
        class="animate-pulse bg-gray-700 h-18 bg-gray-800"
      />
    </div>
    <div
      class="inline-block w-1/3 p-1"
    >
      <div
        class="animate-pulse bg-gray-700 w-full h-0 relative bg-gray-600 rounded-sm"
        style="padding-top: 140.47619047619045%;"
      />
      <div
        class="animate-pulse bg-gray-700 h-18 bg-gray-800"
      />
    </div>
  </div>
</DocumentFragment>
`;
