// Jest Snapshot v1, https://goo.gl/fbAQLP

exports[`LoginForm Component matches the snapshot 1`] = `
<DocumentFragment>
  <form>
    <p
      class="mb-6"
    >
      Enter your email address and you will be sent a link to login with.
    </p>
    <input
      aria-label="email-input"
      autocomplete="email"
      class="w-full mb-6 p-2 text-gray-600 bg-gray-200 border-2 border-solid border-gray-200 hover:border-blue-300 focus:border-blue-300"
      name="email"
      placeholder="Email"
      value=""
    />
    <div
      class="flex items-center"
    >
      <button
        class="w-28 py-2 mx-auto border-2 border-solid border-green-400 dark:border-green-200 text-green-400 dark:text-green-200 hover:border-green-500 dark:hover:border-green-300 hover:text-green-500 dark:hover:text-green-300 disabled:opacity-50 dark:disabled:border-gray-200 dark:disabled:text-gray-200 disabled:cursor-not-allowed"
        disabled=""
        type="button"
      >
        Request Link
      </button>
    </div>
  </form>
</DocumentFragment>
`;
