// Jest Snapshot v1, https://goo.gl/fbAQLP

exports[`SettingsCardRow Component matches the snapshot 1`] = `
<DocumentFragment>
  <div
    class="flex justify-between items-center py-1"
  >
    More testing
  </div>
</DocumentFragment>
`;
