// Jest Snapshot v1, https://goo.gl/fbAQLP

exports[`ShowGrid Component matches the snapshot 1`] = `
<DocumentFragment>
  <div
    class="flex flex-row flex-wrap px-2"
  >
    <div
      class="w-1/3 sm:w-1/4 md:w-1/5 p-1"
    >
      <a
        class="flex flex-col bg-gray-200 dark:bg-gray-800 h-full border-b-2 border-solid border-green-500 shadow"
        href="/show/216"
      >
        <div
          class="h-0 relative box-border p-1 border-2 border-gray-800"
          style="padding-top: 140.47619047619045%;"
        >
          <div
            class="animate-pulse bg-gray-700 absolute top-0 left-0 w-full h-full bg-gray-800"
          />
          <img
            alt="Rick and Morty"
            class="absolute top-0 left-0 w-full h-full hidden"
            src="undefined/uploads/images/medium_portrait/1/3603.jpg"
          />
        </div>
        <div
          class="min-h-16 flex-grow flex flex-col justify-around items-center p-2"
        >
          <p
            class="text-center"
          >
            Rick and Morty
          </p>
        </div>
      </a>
    </div>
  </div>
</DocumentFragment>
`;

exports[`ShowGrid Component matches the snapshot when empty 1`] = `
<DocumentFragment>
  <p
    class="px-2"
  >
    No results to display.
  </p>
</DocumentFragment>
`;
