// Jest Snapshot v1, https://goo.gl/fbAQLP

exports[`ShowInfoSkeleton Component matches the snapshot 1`] = `
<DocumentFragment>
  <div
    class="m-2 px-2 py-3 bg-gray-200 dark:bg-gray-900 bg-opacity-90 dark:bg-opacity-80 overflow-hidden my-0"
  >
    <div
      class="animate-pulse bg-gray-700 w-1/3 h-0 relative float-left"
      style="padding-top: 46.666666666666664%;"
    />
    <div
      class="float-right w-2/3 pl-2.5"
    >
      <div
        class="animate-pulse bg-gray-700 h-44"
      />
    </div>
  </div>
  <div
    class="m-2 px-2 py-3 bg-gray-200 dark:bg-gray-900 bg-opacity-90 dark:bg-opacity-80 overflow-hidden"
  >
    <div
      class="animate-pulse bg-gray-700 h-60"
    />
  </div>
  <div
    class="m-2 px-2 py-3 bg-gray-200 dark:bg-gray-900 bg-opacity-90 dark:bg-opacity-80 overflow-hidden"
  >
    <div
      class="animate-pulse bg-gray-700 h-32"
    />
  </div>
</DocumentFragment>
`;
