// Jest Snapshot v1, https://goo.gl/fbAQLP

exports[`ShowGridSkeleton Component matches the snapshot 1`] = `
<DocumentFragment>
  <div
    class="flex flex-row flex-wrap px-2"
  >
    <div
      class="w-1/3 sm:w-1/4 md:w-1/5 p-1"
    >
      <div
        class="animate-pulse bg-gray-700 w-full h-0 relative bg-gray-800"
        style="padding-top: 140.47619047619045%;"
      />
      <div
        class="animate-pulse bg-gray-700 w-full h-16 bg-gray-800 p-2"
      />
    </div>
    <div
      class="w-1/3 sm:w-1/4 md:w-1/5 p-1"
    >
      <div
        class="animate-pulse bg-gray-700 w-full h-0 relative bg-gray-800"
        style="padding-top: 140.47619047619045%;"
      />
      <div
        class="animate-pulse bg-gray-700 w-full h-16 bg-gray-800 p-2"
      />
    </div>
    <div
      class="w-1/3 sm:w-1/4 md:w-1/5 p-1"
    >
      <div
        class="animate-pulse bg-gray-700 w-full h-0 relative bg-gray-800"
        style="padding-top: 140.47619047619045%;"
      />
      <div
        class="animate-pulse bg-gray-700 w-full h-16 bg-gray-800 p-2"
      />
    </div>
    <div
      class="w-1/3 sm:w-1/4 md:w-1/5 p-1"
    >
      <div
        class="animate-pulse bg-gray-700 w-full h-0 relative bg-gray-800"
        style="padding-top: 140.47619047619045%;"
      />
      <div
        class="animate-pulse bg-gray-700 w-full h-16 bg-gray-800 p-2"
      />
    </div>
    <div
      class="w-1/3 sm:w-1/4 md:w-1/5 p-1"
    >
      <div
        class="animate-pulse bg-gray-700 w-full h-0 relative bg-gray-800"
        style="padding-top: 140.47619047619045%;"
      />
      <div
        class="animate-pulse bg-gray-700 w-full h-16 bg-gray-800 p-2"
      />
    </div>
    <div
      class="w-1/3 sm:w-1/4 md:w-1/5 p-1"
    >
      <div
        class="animate-pulse bg-gray-700 w-full h-0 relative bg-gray-800"
        style="padding-top: 140.47619047619045%;"
      />
      <div
        class="animate-pulse bg-gray-700 w-full h-16 bg-gray-800 p-2"
      />
    </div>
    <div
      class="w-1/3 sm:w-1/4 md:w-1/5 p-1"
    >
      <div
        class="animate-pulse bg-gray-700 w-full h-0 relative bg-gray-800"
        style="padding-top: 140.47619047619045%;"
      />
      <div
        class="animate-pulse bg-gray-700 w-full h-16 bg-gray-800 p-2"
      />
    </div>
    <div
      class="w-1/3 sm:w-1/4 md:w-1/5 p-1"
    >
      <div
        class="animate-pulse bg-gray-700 w-full h-0 relative bg-gray-800"
        style="padding-top: 140.47619047619045%;"
      />
      <div
        class="animate-pulse bg-gray-700 w-full h-16 bg-gray-800 p-2"
      />
    </div>
    <div
      class="w-1/3 sm:w-1/4 md:w-1/5 p-1"
    >
      <div
        class="animate-pulse bg-gray-700 w-full h-0 relative bg-gray-800"
        style="padding-top: 140.47619047619045%;"
      />
      <div
        class="animate-pulse bg-gray-700 w-full h-16 bg-gray-800 p-2"
      />
    </div>
  </div>
</DocumentFragment>
`;
