// Jest Snapshot v1, https://goo.gl/fbAQLP

exports[`Error View matches the snapshot 1`] = `
<DocumentFragment>
  <header
    class="w-full h-12 flex items-center p-2 md:hidden justify-between"
  >
    <button
      class="w-11 float-left"
      tabindex="0"
      type="button"
    >
      <svg
        aria-hidden="true"
        class="svg-inline--fa fa-arrow-left fa-w-14 m-1 text-lg"
        data-icon="arrow-left"
        data-prefix="fas"
        focusable="false"
        role="img"
        viewBox="0 0 448 512"
        xmlns="http://www.w3.org/2000/svg"
      >
        <path
          d="M257.5 445.1l-22.2 22.2c-9.4 9.4-24.6 9.4-33.9 0L7 273c-9.4-9.4-9.4-24.6 0-33.9L201.4 44.7c9.4-9.4 24.6-9.4 33.9 0l22.2 22.2c9.5 9.5 9.3 25-.4 34.3L136.6 216H424c13.3 0 24 10.7 24 24v32c0 13.3-10.7 24-24 24H136.6l120.5 114.8c9.8 9.3 10 24.8.4 34.3z"
          fill="currentColor"
        />
      </svg>
    </button>
    <h1
      class="mx-2 font-medium text-lg overflow-x-auto whitespace-nowrap"
    >
      Error
    </h1>
    <div
      class="w-11"
    />
  </header>
  <div
    class="px-2 py-2.5 bg-red-400 bg-opacity-50 border border-solid border-red-400 p-2.5"
  >
    <div
      class="flex flex-col items-center justify-center"
    >
      <img
        alt="Frustrated Illustration"
        class="opacity-80 mb-2.5"
        src="/frustrated.png"
        width="80"
      />
    </div>
    <h2
      class="font-bold"
    >
      Error
    </h2>
    <p>
      Something went wrong.
    </p>
  </div>
</DocumentFragment>
`;
